-- Add to the search path the schema
SET search_path TO public,cartodb,cdb_geocoder_client;
-- Mock the server function
CREATE OR REPLACE FUNCTION cdb_geocoder_server.cdb_geocode_admin0_polygon(username text, country_name text)
RETURNS Geometry AS $$
BEGIN
  RAISE NOTICE 'cdb_geocoder_server.cdb_geocode_admin0_polygon invoked with params (%, %)', username, country_name;
  RETURN NULL;
END;
$$ LANGUAGE 'plpgsql';
-- Exercise the public and the proxied function
SELECT cdb_geocode_admin0_polygon('Spain');
NOTICE:  cdb_geocoder_client._cdb_geocode_admin0_polygon(2): [contrib_regression] REMOTE NOTICE: cdb_geocoder_server.cdb_geocode_admin0_polygon invoked with params ("test_user", Spain)
CONTEXT:  SQL statement "SELECT cdb_geocoder_client._cdb_geocode_admin0_polygon(username, country_name)"
PL/pgSQL function cdb_geocode_admin0_polygon(text) line 13 at SQL statement
 cdb_geocode_admin0_polygon 
----------------------------
 
(1 row)

