-- Add to the search path the schema
SET search_path TO public,cartodb,cdb_geocoder_client;
-- Mock the server functions
CREATE OR REPLACE FUNCTION cdb_geocoder_server.cdb_geocode_postalcode_polygon(user_id name, user_config JSON, geocoder_config JSON, postal_code text, country_name text)
RETURNS Geometry AS $$
BEGIN
  RAISE NOTICE 'cdb_geocoder_server.cdb_geocode_postalcode_polygon invoked with params (%, %, %, %, %)', user_id, '{"is_organization": false, "entity_name": "test_user"}', '{"street_geocoder_provider": "nokia","nokia_monthly_quota": 100, "nokia_soft_geocoder_limit": false}', postal_code, country_name;
  RETURN NULL;
END;
$$ LANGUAGE 'plpgsql';
CREATE OR REPLACE FUNCTION cdb_geocoder_server.cdb_geocode_postalcode_point(user_id name, user_config JSON, geocoder_config JSON, postal_code text, country_name text)
RETURNS Geometry AS $$
BEGIN
  RAISE NOTICE 'cdb_geocoder_server.cdb_geocode_postalcode_point invoked with params (%, %, %, %, %)', user_id, '{"is_organization": false, "entity_name": "test_user"}', '{"street_geocoder_provider": "nokia","nokia_monthly_quota": 100, "nokia_soft_geocoder_limit": false}', postal_code, country_name;
  RETURN NULL;
END;
$$ LANGUAGE 'plpgsql';
-- Exercise the public and the proxied function
SELECT cdb_geocode_postalcode_polygon('03204', 'Spain');
NOTICE:  cdb_geocoder_client._cdb_geocode_postalcode_polygon(5): [contrib_regression] REMOTE NOTICE: cdb_geocoder_server.cdb_geocode_postalcode_polygon invoked with params (postgres, {"is_organization": false, "entity_name": "test_user"}, {"street_geocoder_provider": "nokia","nokia_monthly_quota": 100, "nokia_soft_geocoder_limit": false}, 03204, Spain)
CONTEXT:  SQL statement "SELECT cdb_geocoder_client._cdb_geocode_postalcode_polygon(session_user, user_config, geocoder_config, postal_code, country_name)"
PL/pgSQL function cdb_geocode_postalcode_polygon(text,text) line 12 at SQL statement
 cdb_geocode_postalcode_polygon 
--------------------------------
 
(1 row)

SELECT cdb_geocode_postalcode_point('03204', 'Spain');
NOTICE:  cdb_geocoder_client._cdb_geocode_postalcode_point(5): [contrib_regression] REMOTE NOTICE: cdb_geocoder_server.cdb_geocode_postalcode_point invoked with params (postgres, {"is_organization": false, "entity_name": "test_user"}, {"street_geocoder_provider": "nokia","nokia_monthly_quota": 100, "nokia_soft_geocoder_limit": false}, 03204, Spain)
CONTEXT:  SQL statement "SELECT cdb_geocoder_client._cdb_geocode_postalcode_point(session_user, user_config, geocoder_config, postal_code, country_name)"
PL/pgSQL function cdb_geocode_postalcode_point(text,text) line 12 at SQL statement
 cdb_geocode_postalcode_point 
------------------------------
 
(1 row)

