-- Mock the server functions
CREATE OR REPLACE FUNCTION cdb_geocoder_server.geocode_ipaddress_point(user_id name, user_config JSON, geocoder_config JSON, ip_address text)
RETURNS Geometry AS $$
BEGIN
  RAISE NOTICE 'cdb_geocoder_server.geocode_ipaddress_point invoked with params (%, %, %, %)', user_id, '{"is_organization": false, "entity_name": "test_user"}', '{"street_geocoder_provider": "nokia","nokia_monthly_quota": 100, "nokia_soft_geocoder_limit": false}', ip_address;
  RETURN NULL;
END;
$$ LANGUAGE 'plpgsql';
-- Exercise the public and the proxied function
SELECT cdb_geocoder_client.geocode_ipaddress_point('8.8.8.8');
NOTICE:  cdb_geocoder_client._geocode_ipaddress_point(4): [contrib_regression] REMOTE NOTICE: cdb_geocoder_server.geocode_ipaddress_point invoked with params (postgres, {"is_organization": false, "entity_name": "test_user"}, {"street_geocoder_provider": "nokia","nokia_monthly_quota": 100, "nokia_soft_geocoder_limit": false}, 8.8.8.8)
CONTEXT:  SQL statement "SELECT cdb_geocoder_client._geocode_ipaddress_point(session_user, user_config, geocoder_config, ip_address)"
PL/pgSQL function cdb_geocoder_client.geocode_ipaddress_point(text) line 12 at SQL statement
 geocode_ipaddress_point 
-------------------------
 
(1 row)

