-- Create a conf table
CREATE TABLE conf (key TEXT NOT NULL PRIMARY KEY, values_json TEXT);
INSERT INTO conf VALUES ('cds', '{"Manolo Escobar": {"El Limonero":"En stock", "Viva el vino":"Sin stock"}}');
-- Test key retrieval
SELECT cdb_geocoder_server._get_conf('cds');
                                 _get_conf                                  
----------------------------------------------------------------------------
 {"Manolo Escobar": {"El Limonero":"En stock", "Viva el vino":"Sin stock"}}
(1 row)

-- Test no key exception
SELECT cdb_geocoder_server._get_conf('no existe');
ERROR:  Missing key 'no existe' in conf table
-- Drop conf table
DROP TABLE conf;
