-- Check that the public function is callable, even with no data
-- It should return NULL
SELECT cdb_geocoder_server.geocode_admin1_polygon(session_user, '{"is_organization": false, "entity_name": "test_user"}', '{"street_geocoder_provider": "nokia","nokia_monthly_quota": 100, "nokia_soft_geocoder_limit": false}', 'California');
 geocode_admin1_polygon 
------------------------
 
(1 row)

SELECT cdb_geocoder_server.geocode_admin1_polygon(session_user, '{"is_organization": false, "entity_name": "test_user"}', '{"street_geocoder_provider": "nokia","nokia_monthly_quota": 100, "nokia_soft_geocoder_limit": false}', 'California', 'United States');
 geocode_admin1_polygon 
------------------------
 
(1 row)

-- Insert dummy data into country decoder table
INSERT INTO country_decoder (synonyms, iso3) VALUES (Array['united states'], 'USA');
-- Insert some dummy data and geometry to return
INSERT INTO global_province_polygons (synonyms, iso3, the_geom) VALUES (Array['california'], 'USA', ST_GeomFromText(
  'POLYGON((-71.1031880899493 42.3152774590236,
            -71.1031627617667 42.3152960829043,
            -71.102923838298 42.3149156848307,
            -71.1031880899493 42.3152774590236))',4326)
);
-- This should return the polygon inserted above
SELECT cdb_geocoder_server.geocode_admin1_polygon(session_user, '{"is_organization": false, "entity_name": "test_user"}', '{"street_geocoder_provider": "nokia","nokia_monthly_quota": 0, "nokia_soft_geocoder_limit": false}', 'California');
                                                                       geocode_admin1_polygon                                                                       
--------------------------------------------------------------------------------------------------------------------------------------------------------------------
 0103000020E61000000100000004000000D0EA37A29AC651C00FD603035B284540FEFCFB379AC651C0C0503E9F5B284540FFDDDD4D96C651C033AC3B284F284540D0EA37A29AC651C00FD603035B284540
(1 row)

SELECT cdb_geocoder_server.geocode_admin1_polygon(session_user, '{"is_organization": false, "entity_name": "test_user"}', '{"street_geocoder_provider": "nokia","nokia_monthly_quota": 0, "nokia_soft_geocoder_limit": false}', 'California', 'United States');
                                                                       geocode_admin1_polygon                                                                       
--------------------------------------------------------------------------------------------------------------------------------------------------------------------
 0103000020E61000000100000004000000D0EA37A29AC651C00FD603035B284540FEFCFB379AC651C0C0503E9F5B284540FFDDDD4D96C651C033AC3B284F284540D0EA37A29AC651C00FD603035B284540
(1 row)

-- Check for admin1 signatures
SELECT exists(SELECT *
              FROM pg_proc p
              INNER JOIN pg_namespace ns ON (p.pronamespace = ns.oid)
              WHERE ns.nspname = 'cdb_geocoder_server'
              AND proname = 'geocode_admin1_polygon'
              AND oidvectortypes(p.proargtypes)  = 'name, json, json, text');
 exists 
--------
 t
(1 row)

SELECT exists(SELECT *
              FROM pg_proc p
              INNER JOIN pg_namespace ns ON (p.pronamespace = ns.oid)
              WHERE ns.nspname = 'cdb_geocoder_server'
              AND proname = 'geocode_admin1_polygon'
              AND oidvectortypes(p.proargtypes)  = 'name, json, json, text, text');
 exists 
--------
 t
(1 row)

SELECT exists(SELECT *
              FROM pg_proc p
              INNER JOIN pg_namespace ns ON (p.pronamespace = ns.oid)
              WHERE ns.nspname = 'cdb_geocoder_server'
              AND proname = '_geocode_admin1_polygon'
              AND oidvectortypes(p.proargtypes)  = 'text');
 exists 
--------
 t
(1 row)

SELECT exists(SELECT *
              FROM pg_proc p
              INNER JOIN pg_namespace ns ON (p.pronamespace = ns.oid)
              WHERE ns.nspname = 'cdb_geocoder_server'
              AND proname = '_geocode_admin1_polygon'
              AND oidvectortypes(p.proargtypes)  = 'text, text');
 exists 
--------
 t
(1 row)

