-- Check that the public function is callable, even with no data
-- It should return NULL
SELECT cdb_geocoder_server.geocode_namedplace(session_user, txid_current(), 'Elx');
 geocode_namedplace 
--------------------
 
(1 row)

-- Insert dummy data into points table
INSERT INTO global_cities_points_limited (geoname_id, name, iso2, admin1, admin2, population, lowername, the_geom) VALUES (3128760, 'Elche', 'ES', 'VA', 'AL', 34534, 'elche', ST_GeomFromText(
  'POINT(0.6983 39.26787)',4326)
);
-- Insert dummy data into alternates table
INSERT INTO global_cities_alternates_limited (geoname_id, name, preferred, lowername, admin1_geonameid, iso2, admin1, the_geom) VALUES (3128760, 'Elx', true, 'elx', '000000', 'ES', 'VA', ST_GeomFromText(
  'POINT(0.6983 39.26787)',4326)
);
-- Insert dummy data into country decoder table
INSERT INTO country_decoder (synonyms, iso2) VALUES (Array['spain'], 'ES');
-- This should return the point inserted above
SELECT cdb_geocoder_server.geocode_namedplace(session_user, txid_current(), 'Elx');
                 geocode_namedplace                 
----------------------------------------------------
 0101000020E6100000637FD93D7958E63F2ECA6C9049A24340
(1 row)

SELECT cdb_geocoder_server.geocode_namedplace(session_user, txid_current(), 'Elche');
                 geocode_namedplace                 
----------------------------------------------------
 0101000020E6100000637FD93D7958E63F2ECA6C9049A24340
(1 row)

SELECT cdb_geocoder_server.geocode_namedplace(session_user, txid_current(), 'Elx', 'Spain');
                 geocode_namedplace                 
----------------------------------------------------
 0101000020E6100000637FD93D7958E63F2ECA6C9049A24340
(1 row)

SELECT cdb_geocoder_server.geocode_namedplace(session_user, txid_current(), 'Elche', 'Spain');
                 geocode_namedplace                 
----------------------------------------------------
 0101000020E6100000637FD93D7958E63F2ECA6C9049A24340
(1 row)

