-- Add to the search path the schema
SET search_path TO public,cartodb,cdb_geocoder_client;
-- Mock the server functions
CREATE OR REPLACE FUNCTION cdb_geocoder_server.cdb_geocode_ipaddress_point(username text, orgname text, ip_address text)
RETURNS Geometry AS $$
BEGIN
  RAISE NOTICE 'cdb_geocoder_server.cdb_geocode_ipaddress_point invoked with params (%, %, %)', username, orgname, ip_address;
  RETURN NULL;
END;
$$ LANGUAGE 'plpgsql';
-- Exercise the public and the proxied function
SELECT cdb_geocode_ipaddress_point('8.8.8.8');
NOTICE:  cdb_geocoder_client._cdb_geocode_ipaddress_point(3): [contrib_regression] REMOTE NOTICE: cdb_geocoder_server.cdb_geocode_ipaddress_point invoked with params (test_user, <NULL>, 8.8.8.8)
CONTEXT:  SQL statement "SELECT cdb_geocoder_client._cdb_geocode_ipaddress_point(username, orgname, ip_address)"
PL/pgSQL function cdb_geocode_ipaddress_point(text) line 15 at SQL statement
 cdb_geocode_ipaddress_point 
-----------------------------
 
(1 row)

