-- Add to the search path the schema
SET search_path TO public,cartodb,cdb_geocoder_client;
-- Mock the server functions
CREATE OR REPLACE FUNCTION cdb_geocoder_server.cdb_geocode_street_point_v2 (username text, orgname text, searchtext text, city text DEFAULT NULL, state_province text DEFAULT NULL, country text DEFAULT NULL)
RETURNS Geometry AS $$
BEGIN
  RAISE NOTICE 'cdb_geocoder_server.cdb_geocode_geocoder_street_point_v2 invoked with params (%, %, %, %, %, %)', username, orgname, searchtext, city, state_province, country;
  RETURN NULL;
END;
$$ LANGUAGE 'plpgsql';
-- Exercise the public and the proxied function
SELECT cdb_geocode_street_point_v2('One street, 1');
NOTICE:  cdb_geocoder_client._cdb_geocode_street_point_v2(6): [contrib_regression] REMOTE NOTICE: cdb_geocoder_server.cdb_geocode_geocoder_street_point_v2 invoked with params ("test_user", <NULL>, One street, 1, <NULL>, <NULL>, <NULL>)
CONTEXT:  SQL statement "SELECT cdb_geocoder_client._cdb_geocode_street_point_v2(username, orgname, searchtext, city, state_province, country)"
PL/pgSQL function cdb_geocode_street_point_v2(text,text,text,text) line 15 at SQL statement
 cdb_geocode_street_point_v2 
-----------------------------
 
(1 row)

SELECT cdb_geocode_street_point_v2('One street', 'city');
NOTICE:  cdb_geocoder_client._cdb_geocode_street_point_v2(6): [contrib_regression] REMOTE NOTICE: cdb_geocoder_server.cdb_geocode_geocoder_street_point_v2 invoked with params ("test_user", <NULL>, One street, city, <NULL>, <NULL>)
CONTEXT:  SQL statement "SELECT cdb_geocoder_client._cdb_geocode_street_point_v2(username, orgname, searchtext, city, state_province, country)"
PL/pgSQL function cdb_geocode_street_point_v2(text,text,text,text) line 15 at SQL statement
 cdb_geocode_street_point_v2 
-----------------------------
 
(1 row)

SELECT cdb_geocode_street_point_v2('One street', 'city', 'state');
NOTICE:  cdb_geocoder_client._cdb_geocode_street_point_v2(6): [contrib_regression] REMOTE NOTICE: cdb_geocoder_server.cdb_geocode_geocoder_street_point_v2 invoked with params ("test_user", <NULL>, One street, city, state, <NULL>)
CONTEXT:  SQL statement "SELECT cdb_geocoder_client._cdb_geocode_street_point_v2(username, orgname, searchtext, city, state_province, country)"
PL/pgSQL function cdb_geocode_street_point_v2(text,text,text,text) line 15 at SQL statement
 cdb_geocode_street_point_v2 
-----------------------------
 
(1 row)

SELECT cdb_geocode_street_point_v2('One street', 'city', 'state', 'country');
NOTICE:  cdb_geocoder_client._cdb_geocode_street_point_v2(6): [contrib_regression] REMOTE NOTICE: cdb_geocoder_server.cdb_geocode_geocoder_street_point_v2 invoked with params ("test_user", <NULL>, One street, city, state, country)
CONTEXT:  SQL statement "SELECT cdb_geocoder_client._cdb_geocode_street_point_v2(username, orgname, searchtext, city, state_province, country)"
PL/pgSQL function cdb_geocode_street_point_v2(text,text,text,text) line 15 at SQL statement
 cdb_geocode_street_point_v2 
-----------------------------
 
(1 row)

SELECT cdb_geocode_street_point_v2('One street', 'city', NULL, 'country');
NOTICE:  cdb_geocoder_client._cdb_geocode_street_point_v2(6): [contrib_regression] REMOTE NOTICE: cdb_geocoder_server.cdb_geocode_geocoder_street_point_v2 invoked with params ("test_user", <NULL>, One street, city, <NULL>, country)
CONTEXT:  SQL statement "SELECT cdb_geocoder_client._cdb_geocode_street_point_v2(username, orgname, searchtext, city, state_province, country)"
PL/pgSQL function cdb_geocode_street_point_v2(text,text,text,text) line 15 at SQL statement
 cdb_geocode_street_point_v2 
-----------------------------
 
(1 row)

SELECT cdb_geocode_street_point_v2('One street, 1');
NOTICE:  cdb_geocoder_client._cdb_geocode_street_point_v2(6): [contrib_regression] REMOTE NOTICE: cdb_geocoder_server.cdb_geocode_geocoder_street_point_v2 invoked with params ("test_user", <NULL>, One street, 1, <NULL>, <NULL>, <NULL>)
CONTEXT:  SQL statement "SELECT cdb_geocoder_client._cdb_geocode_street_point_v2(username, orgname, searchtext, city, state_province, country)"
PL/pgSQL function cdb_geocode_street_point_v2(text,text,text,text) line 15 at SQL statement
 cdb_geocode_street_point_v2 
-----------------------------
 
(1 row)

SELECT cdb_geocode_street_point_v2('One street', 'city');
NOTICE:  cdb_geocoder_client._cdb_geocode_street_point_v2(6): [contrib_regression] REMOTE NOTICE: cdb_geocoder_server.cdb_geocode_geocoder_street_point_v2 invoked with params ("test_user", <NULL>, One street, city, <NULL>, <NULL>)
CONTEXT:  SQL statement "SELECT cdb_geocoder_client._cdb_geocode_street_point_v2(username, orgname, searchtext, city, state_province, country)"
PL/pgSQL function cdb_geocode_street_point_v2(text,text,text,text) line 15 at SQL statement
 cdb_geocode_street_point_v2 
-----------------------------
 
(1 row)

SELECT cdb_geocode_street_point_v2('One street', 'city', 'state');
NOTICE:  cdb_geocoder_client._cdb_geocode_street_point_v2(6): [contrib_regression] REMOTE NOTICE: cdb_geocoder_server.cdb_geocode_geocoder_street_point_v2 invoked with params ("test_user", <NULL>, One street, city, state, <NULL>)
CONTEXT:  SQL statement "SELECT cdb_geocoder_client._cdb_geocode_street_point_v2(username, orgname, searchtext, city, state_province, country)"
PL/pgSQL function cdb_geocode_street_point_v2(text,text,text,text) line 15 at SQL statement
 cdb_geocode_street_point_v2 
-----------------------------
 
(1 row)

SELECT cdb_geocode_street_point_v2('One street', 'city', 'state', 'country');
NOTICE:  cdb_geocoder_client._cdb_geocode_street_point_v2(6): [contrib_regression] REMOTE NOTICE: cdb_geocoder_server.cdb_geocode_geocoder_street_point_v2 invoked with params ("test_user", <NULL>, One street, city, state, country)
CONTEXT:  SQL statement "SELECT cdb_geocoder_client._cdb_geocode_street_point_v2(username, orgname, searchtext, city, state_province, country)"
PL/pgSQL function cdb_geocode_street_point_v2(text,text,text,text) line 15 at SQL statement
 cdb_geocode_street_point_v2 
-----------------------------
 
(1 row)

SELECT cdb_geocode_street_point_v2('One street', 'city', NULL, 'country');
NOTICE:  cdb_geocoder_client._cdb_geocode_street_point_v2(6): [contrib_regression] REMOTE NOTICE: cdb_geocoder_server.cdb_geocode_geocoder_street_point_v2 invoked with params ("test_user", <NULL>, One street, city, <NULL>, country)
CONTEXT:  SQL statement "SELECT cdb_geocoder_client._cdb_geocode_street_point_v2(username, orgname, searchtext, city, state_province, country)"
PL/pgSQL function cdb_geocode_street_point_v2(text,text,text,text) line 15 at SQL statement
 cdb_geocode_street_point_v2 
-----------------------------
 
(1 row)

