../../0.5.0/expected/95_route_point_to_point_test.out