../../0.5.0/expected/999_remove_geocoder_api_user_test.out