-- Check that check_host is working
select check_host('cartodb.com');
 check_host 
------------
 t
(1 row)

-- Check that check_pwd is working
select pwd();
             pwd              
------------------------------
 /var/lib/postgresql/9.3/main
(1 row)

