\set VERBOSITY terse
ALTER FUNCTION cdb_dataservices_client.cdb_service_quota_info_batch() RENAME TO cdb_service_quota_info_batch_mocked;
CREATE FUNCTION cdb_dataservices_client.cdb_service_quota_info_batch ()
RETURNS SETOF cdb_dataservices_client.service_quota_info_batch AS $$
  SELECT 'hires_geocoder'::cdb_dataservices_client.service_type AS service, 0::NUMERIC AS monthly_quota, 0::NUMERIC AS used_quota, FALSE AS soft_limit, 'google' AS provider, 1::NUMERIC AS max_batch_size;
$$ LANGUAGE SQL;
ALTER FUNCTION cdb_dataservices_client.cdb_enough_quota (service TEXT ,input_size NUMERIC) RENAME TO cdb_enough_quota_mocked;
CREATE FUNCTION cdb_dataservices_client.cdb_enough_quota (service TEXT ,input_size NUMERIC)
RETURNS BOOLEAN as $$
  SELECT FALSE;
$$ LANGUAGE SQL;
-- No permissions granted
-- Test bulk size not mandatory (it will get the optimal)
SELECT cdb_dataservices_client.cdb_bulk_geocode_street_point('select 1 as cartodb_id', '''Valladolid, Spain''', null, null, null, null);
ERROR:  Geocoding is not allowed
-- Test quota check by mocking quota 0
SELECT cdb_dataservices_client.cdb_bulk_geocode_street_point('select 1 as cartodb_id', '''Valladolid, Spain''');
ERROR:  Geocoding is not allowed
-- Grant other permissions but geocoding
SELECT CDB_Conf_SetConf('api_keys_postgres', '{"permissions": ["routing", "isolines"]}');
 cdb_conf_setconf 
------------------
 
(1 row)

-- Test bulk size not mandatory (it will get the optimal)
SELECT cdb_dataservices_client.cdb_bulk_geocode_street_point('select 1 as cartodb_id', '''Valladolid, Spain''', null, null, null, null);
ERROR:  Geocoding is not allowed
-- Test quota check by mocking quota 0
SELECT cdb_dataservices_client.cdb_bulk_geocode_street_point('select 1 as cartodb_id', '''Valladolid, Spain''');
ERROR:  Geocoding is not allowed
-- Grant geocoding permissions
SELECT CDB_Conf_SetConf('api_keys_postgres', '{"permissions": ["geocoding"]}');
 cdb_conf_setconf 
------------------
 
(1 row)

-- Test bulk size not mandatory (it will get the optimal)
SELECT cdb_dataservices_client.cdb_bulk_geocode_street_point('select 1 as cartodb_id', '''Valladolid, Spain''', null, null, null, null);
ERROR:  Remaining quota: 0. Estimated cost: 1
-- Test quota check by mocking quota 0
SELECT cdb_dataservices_client.cdb_bulk_geocode_street_point('select 1 as cartodb_id', '''Valladolid, Spain''');
ERROR:  Remaining quota: 0. Estimated cost: 1
-- Remove permissions
SELECT CDB_Conf_RemoveConf('api_keys_postgres');
 cdb_conf_removeconf 
---------------------
 
(1 row)

DROP FUNCTION cdb_dataservices_client.cdb_service_quota_info_batch;
DROP FUNCTION cdb_dataservices_client.cdb_enough_quota;
ALTER FUNCTION cdb_dataservices_client.cdb_enough_quota_mocked (service TEXT ,input_size NUMERIC) RENAME TO cdb_enough_quota;
ALTER FUNCTION cdb_dataservices_client.cdb_service_quota_info_batch_mocked() RENAME TO cdb_service_quota_info_batch;
