\set VERBOSITY terse
-- Add to the search path the schema
SET search_path TO public,cartodb,cdb_dataservices_client;
-- Mock the server functions
CREATE OR REPLACE FUNCTION cdb_dataservices_server.cdb_geocode_namedplace_point(username text, orgname text, city_name text)
RETURNS Geometry AS $$
BEGIN
  RAISE NOTICE 'cdb_dataservices_server.cdb_geocode_namedplace_point invoked with params (%, %, %)', username, orgname, city_name;
  RETURN NULL;
END;
$$ LANGUAGE 'plpgsql';
CREATE OR REPLACE FUNCTION cdb_dataservices_server.cdb_geocode_namedplace_point(username text, orgname text, city_name text, country_name text)
RETURNS Geometry AS $$
BEGIN
  RAISE NOTICE 'cdb_dataservices_server.cdb_geocode_namedplace_point invoked with params (%, %, %, %)', username, orgname, city_name, country_name;
  RETURN NULL;
END;
$$ LANGUAGE 'plpgsql';
CREATE OR REPLACE FUNCTION cdb_dataservices_server.cdb_geocode_namedplace_point(username text, orgname text, city_name text, admin1_name text, country_name text)
RETURNS Geometry AS $$
BEGIN
  RAISE NOTICE 'cdb_dataservices_server.cdb_geocode_namedplace_point invoked with params (%, %, %, %, %)', username, orgname, city_name, admin1_name, country_name;
  RETURN NULL;
END;
$$ LANGUAGE 'plpgsql';
-- -- Exercise the public and the proxied function
-- No permissions granted
SELECT cdb_geocode_namedplace_point('Elx');
ERROR:  Geocoding permission denied
SELECT cdb_geocode_namedplace_point('Elx', 'Spain');
ERROR:  Geocoding permission denied
SELECT cdb_geocode_namedplace_point('Elx', 'Valencia', 'Spain');
ERROR:  Geocoding permission denied
-- Grant other permissions but geocoding
SELECT CDB_Conf_SetConf('api_keys_postgres', '{"username": "test_user", "permissions": ["routing", "isolines"]}');
 cdb_conf_setconf 
------------------
 
(1 row)

SELECT cdb_geocode_namedplace_point('Elx');
ERROR:  Geocoding permission denied
SELECT cdb_geocode_namedplace_point('Elx', 'Spain');
ERROR:  Geocoding permission denied
SELECT cdb_geocode_namedplace_point('Elx', 'Valencia', 'Spain');
ERROR:  Geocoding permission denied
-- Grant geocoding permissions
SELECT CDB_Conf_SetConf('api_keys_postgres', '{"username": "test_user", "permissions": ["geocoding"]}');
 cdb_conf_setconf 
------------------
 
(1 row)

SELECT cdb_geocode_namedplace_point('Elx');
NOTICE:  cdb_dataservices_client._cdb_geocode_namedplace_point(3): [contrib_regression] REMOTE NOTICE: cdb_dataservices_server.cdb_geocode_namedplace_point invoked with params (test_user, <NULL>, Elx)
 cdb_geocode_namedplace_point 
------------------------------
 
(1 row)

SELECT cdb_geocode_namedplace_point('Elx', 'Spain');
NOTICE:  cdb_dataservices_client._cdb_geocode_namedplace_point(4): [contrib_regression] REMOTE NOTICE: cdb_dataservices_server.cdb_geocode_namedplace_point invoked with params (test_user, <NULL>, Elx, Spain)
 cdb_geocode_namedplace_point 
------------------------------
 
(1 row)

SELECT cdb_geocode_namedplace_point('Elx', 'Valencia', 'Spain');
NOTICE:  cdb_dataservices_client._cdb_geocode_namedplace_point(5): [contrib_regression] REMOTE NOTICE: cdb_dataservices_server.cdb_geocode_namedplace_point invoked with params (test_user, <NULL>, Elx, Valencia, Spain)
 cdb_geocode_namedplace_point 
------------------------------
 
(1 row)

-- Remove permissions
SELECT CDB_Conf_RemoveConf('api_keys_postgres');
 cdb_conf_removeconf 
---------------------
 
(1 row)

