\set VERBOSITY terse
-- Add to the search path the schema
SET search_path TO public,cartodb,cdb_dataservices_client;
-- Mock the server functions
CREATE OR REPLACE FUNCTION cdb_dataservices_server.cdb_geocode_postalcode_polygon(username text, orgname text, appname text, postal_code text, country_name text)
RETURNS Geometry AS $$
BEGIN
  RAISE NOTICE 'cdb_dataservices_server.cdb_geocode_postalcode_polygon invoked with params (%, %, %, %, %)', username, orgname, appname, postal_code, country_name;
  RETURN NULL;
END;
$$ LANGUAGE 'plpgsql';
CREATE OR REPLACE FUNCTION cdb_dataservices_server.cdb_geocode_postalcode_point(username text, orgname text, appname text, postal_code text, country_name text)
RETURNS Geometry AS $$
BEGIN
  RAISE NOTICE 'cdb_dataservices_server.cdb_geocode_postalcode_point invoked with params (%, %, %, %, %)', username, orgname, appname, postal_code, country_name;
  RETURN NULL;
END;
$$ LANGUAGE 'plpgsql';
-- -- Exercise the public and the proxied function
-- No permissions granted
SELECT cdb_geocode_postalcode_polygon('03204', 'Spain');
ERROR:  Geocoding is not allowed
SELECT cdb_geocode_postalcode_point('03204', 'Spain');
ERROR:  Geocoding is not allowed
-- Grant other permissions but geocoding
SELECT CDB_Conf_SetConf('api_keys_postgres', '{"application": "testing_app", "permissions": ["routing", "isolines"]}');
 cdb_conf_setconf 
------------------
 
(1 row)

SELECT cdb_geocode_postalcode_polygon('03204', 'Spain');
ERROR:  Geocoding is not allowed
SELECT cdb_geocode_postalcode_point('03204', 'Spain');
ERROR:  Geocoding is not allowed
-- Grant geocoding permissions
SELECT CDB_Conf_SetConf('api_keys_postgres', '{"application": "testing_app", "permissions": ["geocoding"]}');
 cdb_conf_setconf 
------------------
 
(1 row)

SELECT cdb_geocode_postalcode_polygon('03204', 'Spain');
NOTICE:  cdb_dataservices_client._cdb_geocode_postalcode_polygon(5): [contrib_regression] REMOTE NOTICE: cdb_dataservices_server.cdb_geocode_postalcode_polygon invoked with params (test_user, <NULL>, "testing_app", 03204, Spain)
 cdb_geocode_postalcode_polygon 
--------------------------------
 
(1 row)

SELECT cdb_geocode_postalcode_point('03204', 'Spain');
NOTICE:  cdb_dataservices_client._cdb_geocode_postalcode_point(5): [contrib_regression] REMOTE NOTICE: cdb_dataservices_server.cdb_geocode_postalcode_point invoked with params (test_user, <NULL>, "testing_app", 03204, Spain)
 cdb_geocode_postalcode_point 
------------------------------
 
(1 row)

-- Remove permissions
SELECT CDB_Conf_RemoveConf('api_keys_postgres');
 cdb_conf_removeconf 
---------------------
 
(1 row)

